{
    "normalized-oracle": {
        "content": [
            {
                "annotated_records": [
                    [
                        "22",
                        2146,
                        "gridss0f_1b",
                        "N",
                        "AGTCACAGACACTATTGTGTAACTATCCCCGAAATTCTACCCAAATTGCTTCTGTC."
                    ],
                    [
                        "22",
                        2714,
                        "gridss0b_4b",
                        "N",
                        ".AGAGATCTCTGTCACAGACACTATTGTGTAACTATCCCCGAAATTCTACCCAAATTGCT"
                    ],
                    [
                        "22",
                        2751,
                        "gridss0fb_2o",
                        "N",
                        "C[chr22:3048["
                    ],
                    [
                        "22",
                        2752,
                        "gridss0fb_2h",
                        "N",
                        "<DEL>"
                    ],
                    [
                        "22",
                        3212,
                        "gridss0fb_6o",
                        "N",
                        "G[chr22:3425["
                    ],
                    [
                        "22",
                        3214,
                        "gridss0fb_6h",
                        "N",
                        "<DEL>"
                    ],
                    [
                        "22",
                        3528,
                        "gridss0fb_9o",
                        "N",
                        "A[chr22:4466["
                    ],
                    [
                        "22",
                        4637,
                        "gridss0fb_10o",
                        "N",
                        "G[chr22:7194["
                    ],
                    [
                        "22",
                        13777,
                        "gridss0fb_17h",
                        "N",
                        "<DEL>"
                    ],
                    [
                        "22",
                        13777,
                        "gridss0fb_17o",
                        "N",
                        "A[chr22:25009["
                    ],
                    [
                        "22",
                        17739,
                        "gridss0fb_19o",
                        "N",
                        "T[chr22:25999["
                    ],
                    [
                        "22",
                        25408,
                        "gridss0fb_38o",
                        "N",
                        "T[chr22:32597["
                    ],
                    [
                        "22",
                        25408,
                        "gridss0fb_39o",
                        "N",
                        "T[chr22:33938["
                    ],
                    [
                        "22",
                        25409,
                        "gridss0fb_38h",
                        "N",
                        "<DEL>"
                    ],
                    [
                        "22",
                        25409,
                        "gridss0fb_39h",
                        "N",
                        "<DEL>"
                    ],
                    [
                        "22",
                        25532,
                        "gridss0fb_47o",
                        "N",
                        "G[chr22:28888["
                    ],
                    [
                        "22",
                        25533,
                        "gridss0fb_47h",
                        "N",
                        "<DEL>"
                    ],
                    [
                        "22",
                        25547,
                        "gridss0fb_48o",
                        "N",
                        "G[chr22:38251["
                    ],
                    [
                        "22",
                        25548,
                        "gridss0fb_48h",
                        "N",
                        "<DEL>"
                    ]
                ],
                "annotations": [
                    [
                        "gridss0b_4b",
                        "22_2714_2714_BND_1",
                        "22",
                        2714,
                        2714,
                        "test"
                    ],
                    [
                        "gridss0f_1b",
                        "22_2146_2146_BND_1",
                        "22",
                        2146,
                        2146,
                        "test"
                    ],
                    [
                        "gridss0fb_10o",
                        "22_4637_7194_DEL_1",
                        "22",
                        4637,
                        7194,
                        "test"
                    ],
                    [
                        "gridss0fb_17h",
                        "22_13777_25010_DEL_1",
                        "22",
                        13777,
                        25010,
                        "test"
                    ],
                    [
                        "gridss0fb_17o",
                        "22_13777_25009_DEL_1",
                        "22",
                        13777,
                        25009,
                        "test"
                    ],
                    [
                        "gridss0fb_19o",
                        "22_17739_25999_DEL_1",
                        "22",
                        17739,
                        25999,
                        "test"
                    ],
                    [
                        "gridss0fb_2h",
                        "22_2752_3050_DEL_1",
                        "22",
                        2752,
                        3050,
                        "test"
                    ],
                    [
                        "gridss0fb_2o",
                        "22_2751_3048_DEL_1",
                        "22",
                        2751,
                        3048,
                        "test"
                    ],
                    [
                        "gridss0fb_38h",
                        "22_25409_32598_DEL_1",
                        "22",
                        25409,
                        32598,
                        "test"
                    ],
                    [
                        "gridss0fb_38o",
                        "22_25408_32597_DEL_1",
                        "22",
                        25408,
                        32597,
                        "test"
                    ],
                    [
                        "gridss0fb_39h",
                        "22_25409_33939_DEL_1",
                        "22",
                        25409,
                        33939,
                        "test"
                    ],
                    [
                        "gridss0fb_39o",
                        "22_25408_33938_DEL_1",
                        "22",
                        25408,
                        33938,
                        "test"
                    ],
                    [
                        "gridss0fb_47h",
                        "22_25533_28889_DEL_1",
                        "22",
                        25533,
                        28889,
                        "test"
                    ],
                    [
                        "gridss0fb_47o",
                        "22_25532_28888_DEL_1",
                        "22",
                        25532,
                        28888,
                        "test"
                    ],
                    [
                        "gridss0fb_48h",
                        "22_25548_38252_DEL_1",
                        "22",
                        25548,
                        38252,
                        "test"
                    ],
                    [
                        "gridss0fb_48o",
                        "22_25547_38251_DEL_1",
                        "22",
                        25547,
                        38251,
                        "test"
                    ],
                    [
                        "gridss0fb_6h",
                        "22_3214_3427_DEL_1",
                        "22",
                        3214,
                        3427,
                        "test"
                    ],
                    [
                        "gridss0fb_6o",
                        "22_3212_3425_DEL_1",
                        "22",
                        3212,
                        3425,
                        "test"
                    ],
                    [
                        "gridss0fb_9o",
                        "22_3528_4466_DEL_1",
                        "22",
                        3528,
                        4466,
                        "test"
                    ]
                ],
                "gridss_records": [
                    [
                        "22",
                        2030,
                        "gridss0b_1b",
                        "G",
                        ".ATAGAACTCTG"
                    ],
                    [
                        "22",
                        2146,
                        "gridss0f_1b",
                        "A",
                        "AGTCACAGACACTATTGTGTAACTATCCCCGAAATTCTACCCAAATTGCTTCTGTC."
                    ],
                    [
                        "22",
                        2146,
                        "gridss0fb_1o",
                        "A",
                        "AGTCACAGACACTATTGTGTAACTATCCCCGAAATTCTACCCAAATTGC[chr22:2714["
                    ],
                    [
                        "22",
                        2714,
                        "gridss0b_4b",
                        "T",
                        ".AGAGATCTCTGTCACAGACACTATTGTGTAACTATCCCCGAAATTCTACCCAAATTGCT"
                    ],
                    [
                        "22",
                        2714,
                        "gridss0fb_1h",
                        "T",
                        "]chr22:2146]GTCACAGACACTATTGTGTAACTATCCCCGAAATTCTACCCAAATTGCT"
                    ],
                    [
                        "22",
                        2740,
                        "gridss0b_7b",
                        "G",
                        ".ATAGATCTCG"
                    ],
                    [
                        "22",
                        2752,
                        "gridss0fb_2o",
                        "C",
                        "C[chr22:3048["
                    ],
                    [
                        "22",
                        3048,
                        "gridss0fb_2h",
                        "A",
                        "]chr22:2752]A"
                    ],
                    [
                        "22",
                        3214,
                        "gridss0fb_6o",
                        "G",
                        "G[chr22:3425["
                    ],
                    [
                        "22",
                        3425,
                        "gridss0fb_6h",
                        "G",
                        "]chr22:3214]G"
                    ],
                    [
                        "22",
                        3528,
                        "gridss0fb_9o",
                        "A",
                        "A[chr22:4466["
                    ],
                    [
                        "22",
                        4466,
                        "gridss0fb_9h",
                        "A",
                        "]chr22:3528]A"
                    ],
                    [
                        "22",
                        4637,
                        "gridss0f_3b",
                        "G",
                        "GGTACGGATGAAGTTTTTAGTTGAGCAAATGAG."
                    ],
                    [
                        "22",
                        4637,
                        "gridss0fb_10o",
                        "G",
                        "G[chr22:7194["
                    ],
                    [
                        "22",
                        6134,
                        "gridss0b_53b",
                        "C",
                        ".ATAGATCTCGC"
                    ],
                    [
                        "22",
                        7194,
                        "gridss0fb_10h",
                        "G",
                        "]chr22:4637]G"
                    ],
                    [
                        "22",
                        13777,
                        "gridss0fb_17o",
                        "A",
                        "A[chr22:25009["
                    ],
                    [
                        "22",
                        17739,
                        "gridss0f_31b",
                        "T",
                        "TAAAAATAAATAAATAAATAAATAAATAAATAAA."
                    ],
                    [
                        "22",
                        17739,
                        "gridss0fb_19o",
                        "T",
                        "T[chr22:25999["
                    ],
                    [
                        "22",
                        24877,
                        "gridss0b_95b",
                        "A",
                        ".AGCACA"
                    ],
                    [
                        "22",
                        25009,
                        "gridss0fb_17h",
                        "G",
                        "]chr22:13777]G"
                    ],
                    [
                        "22",
                        25188,
                        "gridss0f_70b",
                        "C",
                        "CCGAGATCTAT."
                    ],
                    [
                        "22",
                        25200,
                        "gridss0f_75b",
                        "G",
                        "GCGAGATCTAT."
                    ],
                    [
                        "22",
                        25215,
                        "gridss0f_83b",
                        "C",
                        "CCGAGATCTAT."
                    ],
                    [
                        "22",
                        25232,
                        "gridss0f_94b",
                        "C",
                        "CCGAGATCTAT."
                    ],
                    [
                        "22",
                        25244,
                        "gridss0f_99b",
                        "G",
                        "GCGAGATCTAT."
                    ],
                    [
                        "22",
                        25255,
                        "gridss0f_111b",
                        "A",
                        "ACGAGATCTAT."
                    ],
                    [
                        "22",
                        25260,
                        "gridss0f_116b",
                        "C",
                        "CCGAGATCTAT."
                    ],
                    [
                        "22",
                        25276,
                        "gridss0f_121b",
                        "C",
                        "CCGAGATCTAT."
                    ],
                    [
                        "22",
                        25289,
                        "gridss0f_128b",
                        "G",
                        "GAGATCTAT."
                    ],
                    [
                        "22",
                        25300,
                        "gridss0f_131b",
                        "C",
                        "CCGAGATCTAT."
                    ],
                    [
                        "22",
                        25319,
                        "gridss0f_146b",
                        "C",
                        "CGATCTAT."
                    ],
                    [
                        "22",
                        25333,
                        "gridss0f_161b",
                        "G",
                        "GAGATCTAT."
                    ],
                    [
                        "22",
                        25347,
                        "gridss0f_166b",
                        "C",
                        "CGAGATCTAT."
                    ],
                    [
                        "22",
                        25361,
                        "gridss0f_170b",
                        "A",
                        "AGAGATCTAT."
                    ],
                    [
                        "22",
                        25365,
                        "gridss0f_183b",
                        "A",
                        "ACGAGATCTAT."
                    ],
                    [
                        "22",
                        25372,
                        "gridss0f_188b",
                        "C",
                        "CCGAGATCTAT."
                    ],
                    [
                        "22",
                        25392,
                        "gridss0f_205b",
                        "T",
                        "TCGAGATCTAT."
                    ],
                    [
                        "22",
                        25396,
                        "gridss0f_209b",
                        "C",
                        "CCGAGATCTAT."
                    ],
                    [
                        "22",
                        25406,
                        "gridss0f_212b",
                        "T",
                        "TGAGATCTAT."
                    ],
                    [
                        "22",
                        25409,
                        "gridss0fb_38o",
                        "T",
                        "T[chr22:32597["
                    ],
                    [
                        "22",
                        25409,
                        "gridss0fb_39o",
                        "T",
                        "T[chr22:33938["
                    ],
                    [
                        "22",
                        25424,
                        "gridss0f_224b",
                        "G",
                        "GCGAGATCTAT."
                    ],
                    [
                        "22",
                        25445,
                        "gridss0f_239b",
                        "G",
                        "GCGAGATCTAT."
                    ],
                    [
                        "22",
                        25465,
                        "gridss0f_255b",
                        "C",
                        "CCGAGATCTAT."
                    ],
                    [
                        "22",
                        25476,
                        "gridss0f_270b",
                        "T",
                        "TCGAGATCTAT."
                    ],
                    [
                        "22",
                        25478,
                        "gridss0f_272b",
                        "A",
                        "AGATCTAT."
                    ],
                    [
                        "22",
                        25490,
                        "gridss0f_274b",
                        "G",
                        "GCGAGATCTAT."
                    ],
                    [
                        "22",
                        25495,
                        "gridss0f_284b",
                        "G",
                        "GCGAGATCTAT."
                    ],
                    [
                        "22",
                        25521,
                        "gridss0f_293b",
                        "G",
                        "GCGAGATCTAT."
                    ],
                    [
                        "22",
                        25533,
                        "gridss0fb_47o",
                        "G",
                        "G[chr22:28888["
                    ],
                    [
                        "22",
                        25535,
                        "gridss0f_305b",
                        "G",
                        "GCGAGATCTAT."
                    ],
                    [
                        "22",
                        25548,
                        "gridss0fb_48o",
                        "G",
                        "G[chr22:38251["
                    ],
                    [
                        "22",
                        25549,
                        "gridss0f_308b",
                        "T",
                        "TGAGGCACCCGGCGCCGAGATCTAT."
                    ],
                    [
                        "22",
                        25999,
                        "gridss0fb_19h",
                        "A",
                        "]chr22:17739]A"
                    ],
                    [
                        "22",
                        28888,
                        "gridss0fb_47h",
                        "G",
                        "]chr22:25533]G"
                    ],
                    [
                        "22",
                        32597,
                        "gridss0fb_38h",
                        "C",
                        "]chr22:25409]C"
                    ],
                    [
                        "22",
                        32603,
                        "gridss0f_316b",
                        "G",
                        "GATCTAT."
                    ],
                    [
                        "22",
                        33938,
                        "gridss0fb_39h",
                        "C",
                        "]chr22:25409]C"
                    ],
                    [
                        "22",
                        33945,
                        "gridss0f_320b",
                        "A",
                        "AGAATCGAGATCTAT."
                    ],
                    [
                        "22",
                        38251,
                        "gridss0fb_48h",
                        "T",
                        "]chr22:25548]T"
                    ]
                ],
                "multiqc_named_tools": [
                    "annotsv",
                    "gridss",
                    "tabix"
                ],
                "unannotated_diagnostics": [
                    [
                        "22_17739_25999_DEL_N_N;22:25999;",
                        "reciprocal breakend"
                    ],
                    [
                        "22_17739__BND_T_TAAAAATAAATAAATAAATAAATAAATAAATAAA.",
                        "variantLength (33) < SVminSize (50)"
                    ],
                    [
                        "22_2030__BND_G_.ATAGAACTCTG",
                        "variantLength (10) < SVminSize (50)"
                    ],
                    [
                        "22_2146_2146_INS_A_AGTCACAGACACTATTGTGTAACTATCCCCGAAATTCTACCCAAATTGC[22:2714[",
                        "variantLength (48) < SVminSize (50)"
                    ],
                    [
                        "22_2146_2146_INS_N_NGTCACAGACACTATTGTGTAACTATCCCCGAAATTCTACCCAAATTGC[22:2714[",
                        "variantLength (48) < SVminSize (50)"
                    ],
                    [
                        "22_24877__BND_A_.AGCACA",
                        "variantLength (5) < SVminSize (50)"
                    ],
                    [
                        "22_25188__BND_C_CCGAGATCTAT.",
                        "variantLength (10) < SVminSize (50)"
                    ],
                    [
                        "22_25200__BND_G_GCGAGATCTAT.",
                        "variantLength (10) < SVminSize (50)"
                    ],
                    [
                        "22_25215__BND_C_CCGAGATCTAT.",
                        "variantLength (10) < SVminSize (50)"
                    ],
                    [
                        "22_25232__BND_C_CCGAGATCTAT.",
                        "variantLength (10) < SVminSize (50)"
                    ],
                    [
                        "22_25244__BND_G_GCGAGATCTAT.",
                        "variantLength (10) < SVminSize (50)"
                    ],
                    [
                        "22_25255__BND_A_ACGAGATCTAT.",
                        "variantLength (10) < SVminSize (50)"
                    ],
                    [
                        "22_25260__BND_C_CCGAGATCTAT.",
                        "variantLength (10) < SVminSize (50)"
                    ],
                    [
                        "22_25276__BND_C_CCGAGATCTAT.",
                        "variantLength (10) < SVminSize (50)"
                    ],
                    [
                        "22_25289__BND_G_GAGATCTAT.",
                        "variantLength (8) < SVminSize (50)"
                    ],
                    [
                        "22_25300__BND_C_CCGAGATCTAT.",
                        "variantLength (10) < SVminSize (50)"
                    ],
                    [
                        "22_25319__BND_C_CGATCTAT.",
                        "variantLength (7) < SVminSize (50)"
                    ],
                    [
                        "22_25333__BND_G_GAGATCTAT.",
                        "variantLength (8) < SVminSize (50)"
                    ],
                    [
                        "22_25347__BND_C_CGAGATCTAT.",
                        "variantLength (9) < SVminSize (50)"
                    ],
                    [
                        "22_25361__BND_A_AGAGATCTAT.",
                        "variantLength (9) < SVminSize (50)"
                    ],
                    [
                        "22_25365__BND_A_ACGAGATCTAT.",
                        "variantLength (10) < SVminSize (50)"
                    ],
                    [
                        "22_25372__BND_C_CCGAGATCTAT.",
                        "variantLength (10) < SVminSize (50)"
                    ],
                    [
                        "22_25392__BND_T_TCGAGATCTAT.",
                        "variantLength (10) < SVminSize (50)"
                    ],
                    [
                        "22_25396__BND_C_CCGAGATCTAT.",
                        "variantLength (10) < SVminSize (50)"
                    ],
                    [
                        "22_25406__BND_T_TGAGATCTAT.",
                        "variantLength (9) < SVminSize (50)"
                    ],
                    [
                        "22_25424__BND_G_GCGAGATCTAT.",
                        "variantLength (10) < SVminSize (50)"
                    ],
                    [
                        "22_25445__BND_G_GCGAGATCTAT.",
                        "variantLength (10) < SVminSize (50)"
                    ],
                    [
                        "22_25465__BND_C_CCGAGATCTAT.",
                        "variantLength (10) < SVminSize (50)"
                    ],
                    [
                        "22_25476__BND_T_TCGAGATCTAT.",
                        "variantLength (10) < SVminSize (50)"
                    ],
                    [
                        "22_25478__BND_A_AGATCTAT.",
                        "variantLength (7) < SVminSize (50)"
                    ],
                    [
                        "22_25490__BND_G_GCGAGATCTAT.",
                        "variantLength (10) < SVminSize (50)"
                    ],
                    [
                        "22_25495__BND_G_GCGAGATCTAT.",
                        "variantLength (10) < SVminSize (50)"
                    ],
                    [
                        "22_25521__BND_G_GCGAGATCTAT.",
                        "variantLength (10) < SVminSize (50)"
                    ],
                    [
                        "22_25535__BND_G_GCGAGATCTAT.",
                        "variantLength (10) < SVminSize (50)"
                    ],
                    [
                        "22_25549__BND_T_TGAGGCACCCGGCGCCGAGATCTAT.",
                        "variantLength (24) < SVminSize (50)"
                    ],
                    [
                        "22_2740__BND_G_.ATAGATCTCG",
                        "variantLength (9) < SVminSize (50)"
                    ],
                    [
                        "22_32603__BND_G_GATCTAT.",
                        "variantLength (6) < SVminSize (50)"
                    ],
                    [
                        "22_33945__BND_A_AGAATCGAGATCTAT.",
                        "variantLength (14) < SVminSize (50)"
                    ],
                    [
                        "22_3528_4466_DEL_N_N;22:4466;",
                        "reciprocal breakend"
                    ],
                    [
                        "22_4637_7194_DEL_N_N;22:7194;",
                        "reciprocal breakend"
                    ],
                    [
                        "22_4637__BND_G_GGTACGGATGAAGTTTTTAGTTGAGCAAATGAG.",
                        "variantLength (32) < SVminSize (50)"
                    ],
                    [
                        "22_6134__BND_C_.ATAGATCTCGC",
                        "variantLength (10) < SVminSize (50)"
                    ]
                ],
                "versions": {
                    "annotsv": "3.5.3",
                    "gridss": "2.13.2",
                    "tabix": "1.20"
                }
            }
        ],
        "timestamp": "2026-10-06T10:21:35.344388497",
        "meta": {
            "nf-test": "0.9.5",
            "nextflow": "26.04.6"
        }
    },
    "output-contract": {
        "content": [
            {
                "sample_metadata": {
                    "gridss_vcf": {
                        "id": "sample1",
                        "single_end": false
                    },
                    "gridss_tbi": {
                        "id": "sample1",
                        "single_end": false
                    },
                    "annotsv_vcf": {
                        "id": "sample1",
                        "single_end": false
                    },
                    "annotsv_tsv": {
                        "id": "sample1",
                        "single_end": false
                    },
                    "annotsv_unannotated_tsv": {
                        "id": "sample1",
                        "single_end": false
                    }
                },
                "gridss_tbi_header": [
                    84,
                    66,
                    73,
                    1
                ],
                "global_filenames": {
                    "versions": "software_versions.yml",
                    "versions_mqc": "software_versions_mqc.yml"
                },
                "vcf_samples": {
                    "gridss": [
                        "test"
                    ],
                    "annotsv": [
                        "test"
                    ]
                }
            }
        ],
        "timestamp": "2026-10-06T10:21:35.344388497",
        "meta": {
            "nf-test": "0.9.5",
            "nextflow": "26.04.6"
        }
    }
}
